1. blueberry orange
2. pear mango
3. raspberry banana
